// Jest Snapshot v1, https://goo.gl/fbAQLP

exports[`render DocumentNodes 1`] = `
.c4 {
  box-sizing: border-box;
  margin-right: 20px;
  width: 336px;
}

.c11 {
  box-sizing: border-box;
  margin-right: 16px;
  width: 100%;
}

.c31 {
  line-height: 1.5;
  margin: 0;
  display: inline-flex;
  justify-content: center;
  align-items: center;
  box-sizing: border-box;
  border: none;
  border-radius: 4px;
  cursor: pointer;
  font-family: inherit;
  font-weight: 600;
  outline: none;
  position: relative;
  text-align: center;
  text-decoration: none;
  text-transform: uppercase;
  transition: all 0.3s;
  -webkit-font-smoothing: antialiased;
  color: #FFFFFF;
  background: rgba(255,255,255,0);
  border: 1px solid rgba(255,255,255,0.36);
  font-size: 10px;
  min-height: 24px;
  padding: 0px 16px;
  height: 24px;
}

.c31:hover,
.c31:focus {
  background: rgba(255,255,255,0.07);
}

.c31:active {
  background: rgba(255,255,255,0.13);
}

.c31:disabled {
  background: rgba(255,255,255,0.12);
  color: rgba(255,255,255,0.3);
  cursor: auto;
}

.c35 {
  align-items: center;
  border: none;
  cursor: pointer;
  display: flex;
  outline: none;
  border-radius: 50%;
  overflow: visible;
  justify-content: center;
  text-align: center;
  flex: 0 0 auto;
  background: transparent;
  color: inherit;
  transition: all 0.3s;
  -webkit-font-smoothing: antialiased;
  font-size: 16px;
  height: 32px;
  width: 32px;
  margin-left: 0px;
  margin-right: 0px;
}

.c35:disabled {
  color: rgba(255,255,255,0.36);
}

.c35:disabled {
  color: rgba(255,255,255,0.36);
  cursor: default;
}

.c35:hover:enabled,
.c35:focus:enabled {
  background: rgba(255,255,255,0.13);
}

.c35:active:enabled {
  background: rgba(255,255,255,0.18);
}

.c37 {
  align-items: center;
  border: none;
  cursor: pointer;
  display: flex;
  outline: none;
  border-radius: 50%;
  overflow: visible;
  justify-content: center;
  text-align: center;
  flex: 0 0 auto;
  background: transparent;
  color: inherit;
  transition: all 0.3s;
  -webkit-font-smoothing: antialiased;
  font-size: 16px;
  height: 32px;
  width: 32px;
  margin-left: 0px;
}

.c37:disabled {
  color: rgba(255,255,255,0.36);
}

.c37:disabled {
  color: rgba(255,255,255,0.36);
  cursor: default;
}

.c37:hover:enabled,
.c37:focus:enabled {
  background: rgba(255,255,255,0.13);
}

.c37:active:enabled {
  background: rgba(255,255,255,0.18);
}

.c22 {
  overflow: hidden;
  text-overflow: ellipsis;
  font-weight: 400;
  font-size: 12px;
  line-height: 16px;
  margin: 0px;
}

.c27 {
  overflow: hidden;
  text-overflow: ellipsis;
  font-weight: 400;
  font-size: 12px;
  line-height: 16px;
  margin: 0px;
  margin-right: 4px;
  color: #FFFFFF;
}

.c24 {
  display: inline-flex;
  align-items: center;
  justify-content: center;
}

.c32 {
  display: inline-flex;
  align-items: center;
  justify-content: center;
  color: rgba(255,255,255,0.72);
  margin-left: 4px;
  margin-right: -8px;
}

.c5 {
  color: #FFFFFF;
  display: block;
  font-size: 12px;
  width: 100%;
  margin-bottom: 4px;
}

.c0 {
  box-sizing: border-box;
  margin: -16px;
  height: 100%;
  width: 100%;
  display: flex;
}

.c1 {
  box-sizing: border-box;
  flex: 1;
  display: flex;
}

.c3 {
  box-sizing: border-box;
  margin-bottom: 24px;
  display: flex;
  align-items: end;
  justify-content: space-between;
}

.c9 {
  box-sizing: border-box;
  width: 100%;
  display: flex;
  align-items: center;
  justify-content: space-between;
}

.c10 {
  box-sizing: border-box;
  display: flex;
  align-items: center;
}

.c17 {
  box-sizing: border-box;
  padding-left: 24px;
  padding-right: 24px;
  display: flex;
  align-items: center;
  gap: 8px;
}

.c26 {
  box-sizing: border-box;
  display: flex;
}

.c29 {
  box-sizing: border-box;
  display: flex;
  flex-wrap: wrap;
}

.c34 {
  box-sizing: border-box;
  width: 100%;
  display: flex;
  justify-content: flex-end;
}

.c18 {
  position: relative;
  display: flex;
  align-items: center;
  cursor: pointer;
}

.c18[disabled] {
  cursor: default;
}

.c21 {
  width: 32px;
  height: 12px;
  border-radius: 12px;
  background: #222C59;
  cursor: inherit;
  flex-shrink: 0;
}

.c21:before {
  content: '';
  position: absolute;
  top: 50%;
  transform: translate(0,-50%);
  width: 16px;
  height: 16px;
  border-radius: 16px;
  background: #9F85FF;
}

.c19 {
  opacity: 0;
  position: absolute;
  cursor: inherit;
}

.c19:checked + .c20 {
  background: rgba(255,255,255,0.13);
}

.c19:checked + .c20:before {
  transform: translate(16px,-50%);
}

.c19:disabled + .c20 {
  background: #222C59;
}

.c19:disabled + .c20:before {
  background: #455a64;
}

.c28 {
  background: #222C59;
  border-collapse: collapse;
  border-spacing: 0;
  border-style: hidden;
  font-size: 12px;
  width: 100%;
}

.c28 > thead > tr > th,
.c28 > tbody > tr > th,
.c28 > tfoot > tr > th,
.c28 > thead > tr > td,
.c28 > tbody > tr > td,
.c28 > tfoot > tr > td {
  padding: 8px 8px;
  vertical-align: middle;
}

.c28 > thead > tr > th:first-child,
.c28 > tbody > tr > th:first-child,
.c28 > tfoot > tr > th:first-child,
.c28 > thead > tr > td:first-child,
.c28 > tbody > tr > td:first-child,
.c28 > tfoot > tr > td:first-child {
  padding-left: 24px;
}

.c28 > thead > tr > th:last-child,
.c28 > tbody > tr > th:last-child,
.c28 > tfoot > tr > th:last-child,
.c28 > thead > tr > td:last-child,
.c28 > tbody > tr > td:last-child,
.c28 > tfoot > tr > td:last-child {
  padding-right: 24px;
}

.c28 > tbody > tr > td {
  vertical-align: middle;
}

.c28 > thead > tr > th {
  background: rgba(255,255,255,0.07);
  color: #FFFFFF;
  cursor: pointer;
  font-size: 10px;
  font-weight: 400;
  padding-bottom: 0;
  padding-top: 0;
  text-align: left;
  opacity: 0.75;
  text-transform: uppercase;
  white-space: nowrap;
}

.c28 > thead > tr > th svg {
  height: 12px;
}

.c28 > tbody > tr > td {
  color: #FFFFFF;
  line-height: 16px;
}

.c28 tbody tr {
  border-bottom: 1px solid rgb(49,58,100);
}

.c28 tbody tr:hover {
  background-color: rgba(255,255,255,0.07);
}

.c8 {
  padding: 16px 24px;
  display: flex;
  height: 24px;
  flex-shrink: 0;
  align-items: center;
  justify-content: space-between;
  background: #222C59;
  border-top-left-radius: 8px;
  border-top-right-radius: 8px;
}

.c33 {
  padding: 16px 24px;
  display: flex;
  height: 24px;
  flex-shrink: 0;
  align-items: center;
  justify-content: space-between;
  background: #222C59;
  border-top: 1px solid rgba(255,255,255,0.07);
}

.c7 {
  box-shadow: 0px 2px 1px -1px rgba(0,0,0,0.2),0px 1px 1px rgba(0,0,0,0.14),0px 1px 3px rgba(0,0,0,0.12);
  overflow: hidden;
  border-radius: 8px;
}

.c30 {
  box-sizing: border-box;
  border-radius: 10px;
  display: inline-block;
  font-size: 10px;
  font-weight: 500;
  padding: 0 8px;
  margin: 1px 0;
  vertical-align: middle;
  background-color: rgba(255,255,255,0.07);
  color: #FFFFFF;
  font-weight: 400;
  margin-right: 4px;
  cursor: pointer;
}

.c30:hover {
  background-color: rgba(255,255,255,0.13);
}

.c36 svg {
  font-size: 20px;
}

.c36 svg:before {
  padding-left: 1px;
}

.c16 {
  position: relative;
  height: 100%;
  right: 0;
  display: flex;
  align-items: center;
  justify-content: center;
  background: rgba(255,255,255,0.07);
  border-radius: 200px;
}

.c15 {
  position: absolute;
  height: 100%;
  right: 0;
  display: flex;
  align-items: center;
  justify-content: center;
  background: #222C59;
  border-radius: 200px;
}

.c13 {
  position: relative;
  display: flex;
  overflow: hidden;
  width: 100%;
  border-radius: 200px;
  height: 32px;
  background: transparent;
}

.c12 {
  background: #0C143D;
  border-radius: 200px;
  width: 100%;
  height: 32px;
}

.c14 {
  border: none;
  outline: none;
  box-sizing: border-box;
  height: 100%;
  font-size: 12px;
  width: 100%;
  transition: all 0.2s;
  padding-left: 16px;
  padding-right: 16px;
  color: #FFFFFF;
  background: #0C143D;
  padding-right: 184px;
}

.c14:hover,
.c14:focus,
.c14:active {
  color: #FFFFFF;
  background: rgba(255,255,255,0.07);
}

.c14::placeholder {
  color: rgba(255,255,255,0.54);
  font-size: 12px;
}

.c25 {
  height: 18px;
  width: 18px;
  color: inherit;
}

.c23 {
  vertical-align: middle;
  display: inline-block;
  height: 18px;
}

.c23:hover {
  cursor: pointer;
}

.c6 .react-select-container {
  box-sizing: border-box;
  display: block;
  font-size: 14px;
  outline: none;
  width: 100%;
  color: #FFFFFF;
  background-color: transparent;
  margin-bottom: 0px;
  border-radius: 4px;
}

.c6 .react-select__control {
  outline: none;
  min-height: 40px;
  height: fit-content;
  border: 1px solid rgba(255,255,255,0.54);
  border-radius: 4px;
  background-color: transparent;
  box-shadow: none;
}

.c6 .react-select__control .react-select__dropdown-indicator {
  color: rgba(255,255,255,0.54);
}

.c6 .react-select__control:hover,
.c6 .react-select__control:focus,
.c6 .react-select__control:active {
  border: 1px solid rgba(255,255,255,0.72);
  background-color: rgba(255,255,255,0.07);
  cursor: pointer;
}

.c6 .react-select__control:hover .react-select__dropdown-indicator,
.c6 .react-select__control:focus .react-select__dropdown-indicator,
.c6 .react-select__control:active .react-select__dropdown-indicator {
  color: #FFFFFF;
}

.c6 .react-select__control .react-select__indicator:hover,
.c6 .react-select__control .react-select__dropdown-indicator:hover,
.c6 .react-select__control .react-select__indicator:focus,
.c6 .react-select__control .react-select__dropdown-indicator:focus,
.c6 .react-select__control .react-select__indicator:active,
.c6 .react-select__control .react-select__dropdown-indicator:active {
  color: #FFFFFF;
}

.c6 .react-select__control--is-focused {
  border-color: rgba(255,255,255,0.72);
  background-color: rgba(255,255,255,0.07);
  cursor: pointer;
}

.c6 .react-select__control--is-focused .react-select__dropdown-indicator {
  color: #FFFFFF;
}

.c6 .react-select__single-value {
  color: #FFFFFF;
}

.c6 .react-select__placeholder {
  color: rgba(255,255,255,0.54);
}

.c6 .react-select__multi-value {
  background-color: rgba(255,255,255,0.13);
}

.c6 .react-select__multi-value .react-select__multi-value__label {
  color: #FFFFFF;
  padding: 0 6px;
}

.c6 .react-select__multi-value .react-select__multi-value__remove {
  color: #FFFFFF;
}

.c6 .react-select__multi-value .react-select__multi-value__remove:hover {
  background-color: rgba(255,255,255,0.07);
  color: #FF6257;
}

.c6 .react-select__option:hover {
  cursor: pointer;
  background-color: rgba(255,255,255,0.07);
}

.c6 .react-select__option--is-focused {
  background-color: rgba(255,255,255,0.07);
}

.c6 .react-select__option--is-focused:hover {
  cursor: pointer;
  background-color: rgba(255,255,255,0.07);
}

.c6 .react-select__option--is-selected {
  background-color: rgba(255,255,255,0.13);
  color: inherit;
  font-weight: 500;
}

.c6 .react-select__option--is-selected:hover {
  background-color: rgba(255,255,255,0.13);
}

.c6 .react-select__clear-indicator {
  color: rgba(255,255,255,0.72);
}

.c6 .react-select__clear-indicator:hover,
.c6 .react-select__clear-indicator:focus {
  background-color: rgba(255,255,255,0.07);
}

.c6 .react-select__clear-indicator:hover svg,
.c6 .react-select__clear-indicator:focus svg {
  color: #FF6257;
}

.c6 .react-select__menu {
  margin-top: 0px;
  background-color: #344179;
  box-shadow: 0px 5px 5px -3px rgba(0,0,0,0.2),0px 8px 10px 1px rgba(0,0,0,0.14),0px 3px 14px 2px rgba(0,0,0,0.12);
}

.c6 .react-select__menu .react-select__menu-list::-webkit-scrollbar-thumb {
  background: rgba(255,255,255,0.13);
  border-radius: 4px;
}

.c6 .react-select__indicator-separator {
  display: none;
}

.c6 .react-select__loading-indicator {
  display: none;
}

.c6 .react-select--is-disabled,
.c6 .react-select__control--is-disabled {
  color: rgba(255,255,255,0.36);
  border: 1px solid rgba(255,255,255,0.36);
}

.c6 .react-select--is-disabled .react-select__single-value,
.c6 .react-select__control--is-disabled .react-select__single-value,
.c6 .react-select--is-disabled .react-select__placeholder,
.c6 .react-select__control--is-disabled .react-select__placeholder {
  color: rgba(255,255,255,0.36);
}

.c6 .react-select--is-disabled .react-select__indicator,
.c6 .react-select__control--is-disabled .react-select__indicator {
  color: rgba(255,255,255,0.36);
}

.c6 .react-select__input {
  color: #FFFFFF;
}

.c2 {
  box-sizing: border-box;
  margin-top: 24px;
  margin-left: auto;
  margin-right: auto;
  padding-left: 32px;
  padding-right: 32px;
  flex-direction: column;
  display: flex;
  flex: 1;
  max-width: 1024px;
  height: fit-content;
}

.c2::after {
  content: ' ';
  padding-bottom: 24px;
}

<div
  class="c0"
  height="100%"
  style="position: absolute;"
  width="100%"
>
  <div
    class="c1"
    style="overflow: auto; display: flex; position: relative;"
  >
    <div
      class="c2"
    >
      <div
        class="c3"
      >
        <div
          class="c4"
          width="336px"
        >
          <label
            class="c5"
            font-size="0"
          >
             Clusters 
          </label>
          <div
            class="c6"
          >
            <div
              class="react-select-container css-2b097c-container"
            >
              <div
                class="react-select__control css-yk16xz-control"
              >
                <div
                  class="react-select__value-container react-select__value-container--has-value css-g1d714-ValueContainer"
                >
                  <div
                    class="react-select__single-value css-1uccc91-singleValue"
                  >
                    cluseter-1
                  </div>
                  <div
                    class="css-b8ldur-Input"
                  >
                    <div
                      class="react-select__input"
                      style="display: inline-block;"
                    >
                      <input
                        aria-autocomplete="list"
                        autocapitalize="none"
                        autocomplete="off"
                        autocorrect="off"
                        id="react-select-2-input"
                        spellcheck="false"
                        style="box-sizing: content-box; width: 2px; border: 0px; opacity: 1; outline: 0; padding: 0px;"
                        tabindex="0"
                        type="text"
                        value=""
                      />
                      <div
                        style="position: absolute; top: 0px; left: 0px; visibility: hidden; height: 0px; overflow: scroll; white-space: pre; font-family: Ubuntu2,-apple-system,BlinkMacSystemFont,\\"Segoe UI\\",Helvetica,Arial,sans-serif,\\"Apple Color Emoji\\",\\"Segoe UI Emoji\\",\\"Segoe UI Symbol\\"; letter-spacing: normal; text-transform: none;"
                      />
                    </div>
                  </div>
                </div>
                <div
                  class="react-select__indicators css-1hb7zxy-IndicatorsContainer"
                >
                  <span
                    class="react-select__indicator-separator css-1okebmr-indicatorSeparator"
                  />
                  <div
                    aria-hidden="true"
                    class="react-select__indicator react-select__dropdown-indicator css-tlfecz-indicatorContainer"
                  >
                    <svg
                      aria-hidden="true"
                      class="css-6q0nyr-Svg"
                      focusable="false"
                      height="20"
                      viewBox="0 0 20 20"
                      width="20"
                    >
                      <path
                        d="M4.516 7.548c0.436-0.446 1.043-0.481 1.576 0l3.908 3.747 3.908-3.747c0.533-0.481 1.141-0.446 1.574 0 0.436 0.445 0.408 1.197 0 1.615-0.406 0.418-4.695 4.502-4.695 4.502-0.217 0.223-0.502 0.335-0.787 0.335s-0.57-0.112-0.789-0.335c0 0-4.287-4.084-4.695-4.502s-0.436-1.17 0-1.615z"
                      />
                    </svg>
                  </div>
                </div>
              </div>
            </div>
          </div>
        </div>
      </div>
      <div
        class="c7"
      >
        <form
          class="c8"
        >
          <div
            class="c9"
            width="100%"
          >
            <div
              class="c10"
              style="width: 70%;"
            >
              <div
                class="c11"
                width="100%"
              >
                <div
                  class="c12"
                >
                  <div
                    class="c13"
                  >
                    <input
                      class="c14"
                      placeholder="SEARCH..."
                      value=""
                    />
                    <div
                      class="c15"
                    >
                      <div
                        class="c16"
                      >
                        <div
                          class="c17"
                        >
                          <label
                            class="c18"
                          >
                            <input
                              class="c19"
                              type="checkbox"
                            />
                            <div
                              class="c20 c21"
                            />
                          </label>
                          <div
                            class="c22"
                          >
                            Advanced
                          </div>
                          <span
                            class="c23"
                            role="icon"
                          >
                            <span
                              class="c24 c25"
                            >
                              <svg
                                fill="currentColor"
                                height="20"
                                viewBox="0 0 24 24"
                                width="20"
                              >
                                <path
                                  d="M11.625 8.8125C12.1428 8.8125 12.5625 8.39277 12.5625 7.875C12.5625 7.35723 12.1428 6.9375 11.625 6.9375C11.1072 6.9375 10.6875 7.35723 10.6875 7.875C10.6875 8.39277 11.1072 8.8125 11.625 8.8125Z"
                                />
                                <path
                                  d="M10.5 11.25C10.5 10.8358 10.8358 10.5 11.25 10.5C11.6478 10.5 12.0294 10.658 12.3107 10.9393C12.592 11.2206 12.75 11.6022 12.75 12V15.75C13.1642 15.75 13.5 16.0858 13.5 16.5C13.5 16.9142 13.1642 17.25 12.75 17.25C12.3522 17.25 11.9706 17.092 11.6893 16.8107C11.408 16.5294 11.25 16.1478 11.25 15.75V12C10.8358 12 10.5 11.6642 10.5 11.25Z"
                                />
                                <path
                                  clip-rule="evenodd"
                                  d="M12 2.25C6.61522 2.25 2.25 6.61522 2.25 12C2.25 17.3848 6.61522 21.75 12 21.75C17.3848 21.75 21.75 17.3848 21.75 12C21.75 6.61522 17.3848 2.25 12 2.25ZM3.75 12C3.75 7.44365 7.44365 3.75 12 3.75C16.5563 3.75 20.25 7.44365 20.25 12C20.25 16.5563 16.5563 20.25 12 20.25C7.44365 20.25 3.75 16.5563 3.75 12Z"
                                  fill-rule="evenodd"
                                />
                              </svg>
                            </span>
                          </span>
                        </div>
                      </div>
                    </div>
                  </div>
                </div>
              </div>
            </div>
            <div
              class="c26"
            >
              <div
                class="c27"
                color="text.main"
                style="text-transform: uppercase;"
              >
                Showing 
                <strong>
                  1
                </strong>
                 - 
                <strong>
                  5
                </strong>
                 of
                 
                <strong>
                  5
                </strong>
              </div>
            </div>
          </div>
        </form>
        <table
          class="c28"
        >
          <thead>
            <tr>
              <th>
                <a
                  style="display: flex; align-items: center;"
                >
                  Hostname
                  <span
                    class="c24 icon icon-chevronup"
                    title="sort items asc"
                  >
                    <svg
                      fill="currentColor"
                      height="24"
                      viewBox="0 0 24 24"
                      width="24"
                    >
                      <path
                        clip-rule="evenodd"
                        d="M11.4697 6.96967C11.7626 6.67678 12.2374 6.67678 12.5303 6.96967L20.0303 14.4697C20.3232 14.7626 20.3232 15.2374 20.0303 15.5303C19.7374 15.8232 19.2626 15.8232 18.9697 15.5303L12 8.56066L5.03033 15.5303C4.73744 15.8232 4.26256 15.8232 3.96967 15.5303C3.67678 15.2374 3.67678 14.7626 3.96967 14.4697L11.4697 6.96967Z"
                        fill-rule="evenodd"
                      />
                    </svg>
                  </span>
                </a>
              </th>
              <th
                style="cursor: default;"
              >
                Address
              </th>
              <th
                style="cursor: default;"
              >
                Labels
              </th>
              <th
                style="cursor: default;"
              />
            </tr>
          </thead>
          <tbody>
            <tr>
              <td>
                fujedu
              </td>
              <td>
                172.10.1.20:3022
              </td>
              <td>
                <div
                  class="c29"
                >
                  <div
                    class="c30"
                    kind="secondary"
                  >
                    cluster: one
                  </div>
                  <div
                    class="c30"
                    kind="secondary"
                  >
                    kernel: 4.15.0-51-generic
                  </div>
                </div>
              </td>
              <td
                align="right"
              >
                <button
                  class="c31"
                  height="24px"
                  kind="border"
                >
                  Connect
                  <span
                    class="c32 icon icon-chevrondown"
                    color="text.slightlyMuted"
                  >
                    <svg
                      fill="currentColor"
                      height="16"
                      viewBox="0 0 24 24"
                      width="16"
                    >
                      <path
                        clip-rule="evenodd"
                        d="M3.96967 8.46967C4.26256 8.17678 4.73744 8.17678 5.03033 8.46967L12 15.4393L18.9697 8.46967C19.2626 8.17678 19.7374 8.17678 20.0303 8.46967C20.3232 8.76256 20.3232 9.23744 20.0303 9.53033L12.5303 17.0303C12.2374 17.3232 11.7626 17.3232 11.4697 17.0303L3.96967 9.53033C3.67678 9.23744 3.67678 8.76256 3.96967 8.46967Z"
                        fill-rule="evenodd"
                      />
                    </svg>
                  </span>
                </button>
              </td>
            </tr>
            <tr>
              <td>
                facuzguv
              </td>
              <td>
                172.10.1.42:3022
              </td>
              <td>
                <div
                  class="c29"
                >
                  <div
                    class="c30"
                    kind="secondary"
                  >
                    cluster: one
                  </div>
                  <div
                    class="c30"
                    kind="secondary"
                  >
                    kernel: 4.15.0-51-generic
                  </div>
                </div>
              </td>
              <td
                align="right"
              >
                <button
                  class="c31"
                  height="24px"
                  kind="border"
                >
                  Connect
                  <span
                    class="c32 icon icon-chevrondown"
                    color="text.slightlyMuted"
                  >
                    <svg
                      fill="currentColor"
                      height="16"
                      viewBox="0 0 24 24"
                      width="16"
                    >
                      <path
                        clip-rule="evenodd"
                        d="M3.96967 8.46967C4.26256 8.17678 4.73744 8.17678 5.03033 8.46967L12 15.4393L18.9697 8.46967C19.2626 8.17678 19.7374 8.17678 20.0303 8.46967C20.3232 8.76256 20.3232 9.23744 20.0303 9.53033L12.5303 17.0303C12.2374 17.3232 11.7626 17.3232 11.4697 17.0303L3.96967 9.53033C3.67678 9.23744 3.67678 8.76256 3.96967 8.46967Z"
                        fill-rule="evenodd"
                      />
                    </svg>
                  </span>
                </button>
              </td>
            </tr>
            <tr>
              <td>
                duzsevkig
              </td>
              <td>
                <span
                  style="cursor: default; white-space: nowrap;"
                  title="This node is connected to cluster through reverse tunnel"
                >
                  ← tunnel
                </span>
              </td>
              <td>
                <div
                  class="c29"
                >
                  <div
                    class="c30"
                    kind="secondary"
                  >
                    cluster: one
                  </div>
                  <div
                    class="c30"
                    kind="secondary"
                  >
                    kernel: 4.15.0-51-generic
                  </div>
                </div>
              </td>
              <td
                align="right"
              >
                <button
                  class="c31"
                  height="24px"
                  kind="border"
                >
                  Connect
                  <span
                    class="c32 icon icon-chevrondown"
                    color="text.slightlyMuted"
                  >
                    <svg
                      fill="currentColor"
                      height="16"
                      viewBox="0 0 24 24"
                      width="16"
                    >
                      <path
                        clip-rule="evenodd"
                        d="M3.96967 8.46967C4.26256 8.17678 4.73744 8.17678 5.03033 8.46967L12 15.4393L18.9697 8.46967C19.2626 8.17678 19.7374 8.17678 20.0303 8.46967C20.3232 8.76256 20.3232 9.23744 20.0303 9.53033L12.5303 17.0303C12.2374 17.3232 11.7626 17.3232 11.4697 17.0303L3.96967 9.53033C3.67678 9.23744 3.67678 8.76256 3.96967 8.46967Z"
                        fill-rule="evenodd"
                      />
                    </svg>
                  </span>
                </button>
              </td>
            </tr>
            <tr>
              <td>
                kuhinur
              </td>
              <td>
                <span
                  style="cursor: default; white-space: nowrap;"
                  title="This node is connected to cluster through reverse tunnel"
                >
                  ← tunnel
                </span>
              </td>
              <td>
                <div
                  class="c29"
                >
                  <div
                    class="c30"
                    kind="secondary"
                  >
                    cluster: one
                  </div>
                  <div
                    class="c30"
                    kind="secondary"
                  >
                    kernel: 4.15.0-51-generic
                  </div>
                </div>
              </td>
              <td
                align="right"
              >
                <button
                  class="c31"
                  height="24px"
                  kind="border"
                >
                  Connect
                  <span
                    class="c32 icon icon-chevrondown"
                    color="text.slightlyMuted"
                  >
                    <svg
                      fill="currentColor"
                      height="16"
                      viewBox="0 0 24 24"
                      width="16"
                    >
                      <path
                        clip-rule="evenodd"
                        d="M3.96967 8.46967C4.26256 8.17678 4.73744 8.17678 5.03033 8.46967L12 15.4393L18.9697 8.46967C19.2626 8.17678 19.7374 8.17678 20.0303 8.46967C20.3232 8.76256 20.3232 9.23744 20.0303 9.53033L12.5303 17.0303C12.2374 17.3232 11.7626 17.3232 11.4697 17.0303L3.96967 9.53033C3.67678 9.23744 3.67678 8.76256 3.96967 8.46967Z"
                        fill-rule="evenodd"
                      />
                    </svg>
                  </span>
                </button>
              </td>
            </tr>
            <tr>
              <td>
                zebpecda
              </td>
              <td>
                172.10.1.24:3022
              </td>
              <td>
                <div
                  class="c29"
                >
                  <div
                    class="c30"
                    kind="secondary"
                  >
                    cluster: one
                  </div>
                  <div
                    class="c30"
                    kind="secondary"
                  >
                    kernel: 4.15.0-51-generic
                  </div>
                  <div
                    class="c30"
                    kind="secondary"
                  >
                    lortavma: one
                  </div>
                  <div
                    class="c30"
                    kind="secondary"
                  >
                    lenisret: 4.15.0-51-generic
                  </div>
                  <div
                    class="c30"
                    kind="secondary"
                  >
                    lofdevod: one
                  </div>
                  <div
                    class="c30"
                    kind="secondary"
                  >
                    llhurlaz: 4.15.0-51-generic
                  </div>
                </div>
              </td>
              <td
                align="right"
              >
                <button
                  class="c31"
                  height="24px"
                  kind="border"
                >
                  Connect
                  <span
                    class="c32 icon icon-chevrondown"
                    color="text.slightlyMuted"
                  >
                    <svg
                      fill="currentColor"
                      height="16"
                      viewBox="0 0 24 24"
                      width="16"
                    >
                      <path
                        clip-rule="evenodd"
                        d="M3.96967 8.46967C4.26256 8.17678 4.73744 8.17678 5.03033 8.46967L12 15.4393L18.9697 8.46967C19.2626 8.17678 19.7374 8.17678 20.0303 8.46967C20.3232 8.76256 20.3232 9.23744 20.0303 9.53033L12.5303 17.0303C12.2374 17.3232 11.7626 17.3232 11.4697 17.0303L3.96967 9.53033C3.67678 9.23744 3.67678 8.76256 3.96967 8.46967Z"
                        fill-rule="evenodd"
                      />
                    </svg>
                  </span>
                </button>
              </td>
            </tr>
          </tbody>
        </table>
        <nav
          class="c33"
        >
          <div
            class="c34"
            width="100%"
          >
            <div
              class="c26"
            >
              <button
                class="c35 c36"
                disabled=""
                title="Previous page"
              >
                <span
                  class="c24 icon icon-circlearrowleft"
                >
                  <svg
                    fill="currentColor"
                    height="24"
                    viewBox="0 0 24 24"
                    width="24"
                  >
                    <path
                      d="M10.0607 11.25L11.7803 9.53033C12.0732 9.23744 12.0732 8.76256 11.7803 8.46967C11.4874 8.17678 11.0126 8.17678 10.7197 8.46967L7.71967 11.4697C7.64776 11.5416 7.59351 11.6245 7.55691 11.7129C7.52024 11.8013 7.5 11.8983 7.5 12C7.5 12.1017 7.52024 12.1987 7.55691 12.2871C7.59351 12.3755 7.64776 12.4584 7.71967 12.5303L10.7197 15.5303C11.0126 15.8232 11.4874 15.8232 11.7803 15.5303C12.0732 15.2374 12.0732 14.7626 11.7803 14.4697L10.0607 12.75H15.75C16.1642 12.75 16.5 12.4142 16.5 12C16.5 11.5858 16.1642 11.25 15.75 11.25H10.0607Z"
                    />
                    <path
                      clip-rule="evenodd"
                      d="M2.25 12C2.25 6.61522 6.61522 2.25 12 2.25C17.3848 2.25 21.75 6.61522 21.75 12C21.75 17.3848 17.3848 21.75 12 21.75C6.61522 21.75 2.25 17.3848 2.25 12ZM12 3.75C7.44365 3.75 3.75 7.44365 3.75 12C3.75 16.5563 7.44365 20.25 12 20.25C16.5563 20.25 20.25 16.5563 20.25 12C20.25 7.44365 16.5563 3.75 12 3.75Z"
                      fill-rule="evenodd"
                    />
                  </svg>
                </span>
              </button>
              <button
                class="c37 c36"
                disabled=""
                title="Next page"
              >
                <span
                  class="c24 icon icon-circlearrowright"
                >
                  <svg
                    fill="currentColor"
                    height="24"
                    viewBox="0 0 24 24"
                    width="24"
                  >
                    <path
                      clip-rule="evenodd"
                      d="M12 3.75C7.44365 3.75 3.75 7.44365 3.75 12C3.75 16.5563 7.44365 20.25 12 20.25C16.5563 20.25 20.25 16.5563 20.25 12C20.25 7.44365 16.5563 3.75 12 3.75ZM2.25 12C2.25 6.61522 6.61522 2.25 12 2.25C17.3848 2.25 21.75 6.61522 21.75 12C21.75 17.3848 17.3848 21.75 12 21.75C6.61522 21.75 2.25 17.3848 2.25 12ZM7.5 12C7.5 11.5858 7.83579 11.25 8.25 11.25H13.9393L12.2197 9.53033C11.9268 9.23744 11.9268 8.76256 12.2197 8.46967C12.5126 8.17678 12.9874 8.17678 13.2803 8.46967L16.2803 11.4697C16.3522 11.5416 16.4065 11.6245 16.4431 11.7129C16.4798 11.8013 16.5 11.8983 16.5 12C16.5 12.1017 16.4798 12.1987 16.4431 12.2871C16.4065 12.3755 16.3522 12.4584 16.2803 12.5303L13.2803 15.5303C12.9874 15.8232 12.5126 15.8232 12.2197 15.5303C11.9268 15.2374 11.9268 14.7626 12.2197 14.4697L13.9393 12.75H8.25C7.83579 12.75 7.5 12.4142 7.5 12Z"
                      fill-rule="evenodd"
                    />
                  </svg>
                </span>
              </button>
            </div>
          </div>
        </nav>
      </div>
    </div>
  </div>
</div>
`;
