// Jest Snapshot v1, https://goo.gl/fbAQLP

exports[`render ConsoleTabs 1`] = `
.c6 {
  display: inline-flex;
  align-items: center;
  justify-content: center;
}

.c9 {
  align-items: center;
  border: none;
  cursor: pointer;
  display: flex;
  outline: none;
  border-radius: 50%;
  overflow: visible;
  justify-content: center;
  text-align: center;
  flex: 0 0 auto;
  background: transparent;
  color: inherit;
  transition: all 0.3s;
  -webkit-font-smoothing: antialiased;
  font-size: 12px;
  height: 24px;
  width: 24px;
  margin-left: 8px;
}

.c9:disabled {
  color: rgba(255,255,255,0.36);
}

.c9:disabled {
  color: rgba(255,255,255,0.36);
  cursor: default;
}

.c9:hover:enabled,
.c9:focus:enabled {
  background: rgba(255,255,255,0.13);
}

.c9:active:enabled {
  background: rgba(255,255,255,0.18);
}

.c4 {
  overflow: hidden;
  text-overflow: ellipsis;
  margin: 0px;
  margin-left: auto;
  margin-right: auto;
}

.c0 {
  box-sizing: border-box;
  margin: -16px;
  height: 100%;
  width: 100%;
  display: flex;
}

.c2 {
  box-sizing: border-box;
  display: flex;
  align-items: center;
  max-width: 450px;
  height: 100%;
  border: none;
  border-right: 1px solid #0C143D;
  background-color: #0C143D;
  color: #FFFFFF;
  font-weight: bold;
  transition: none;
}

.c2:hover,
.c2:focus {
  color: #FFFFFF;
  transition: color .3s;
}

.c8 {
  box-sizing: border-box;
  display: flex;
  align-items: center;
  max-width: 450px;
  height: 100%;
  border: none;
  border-right: 1px solid #0C143D;
}

.c8:hover,
.c8:focus {
  color: #FFFFFF;
  transition: color .3s;
}

.c3 {
  display: flex;
  flex: 1;
  align-items: center;
  cursor: pointer;
  text-decoration: none;
  outline: none;
  margin: 0;
  color: inherit;
  line-height: 32px;
  background-color: transparent;
  white-space: nowrap;
  overflow: hidden;
  padding: 0 16px;
  text-overflow: ellipsis;
  border: none;
}

.c5 {
  display: flex;
  align-items: center;
  justify-content: center;
  background: transparent;
  border-radius: 2px;
  border: none;
  cursor: pointer;
  height: 16px;
  width: 16px;
  outline: none;
  padding: 0;
  margin: 0 8px 0 0;
  transition: all 0.3s;
  color: #FFFFFF;
}

.c5:hover {
  color: #000000;
  background: #FF6257;
}

.c7 {
  transition: none;
  color: inherit;
}

.c1 {
  box-sizing: border-box;
  height: 32px;
  width: 100%;
  color: rgba(255,255,255,0.72);
  background: #222C59;
  min-height: 32px;
  border-radius: 4px;
  display: flex;
  flex-wrap: no-wrap;
  align-items: center;
  flex-shrink: 0;
  overflow: hidden;
  font-weight: 600;
  font-size: 16px;
  line-height: 24px;
}

<div
  class="c0"
  height="100%"
  style="position: absolute;"
  width="100%"
>
  <nav
    class="c1"
    color="text.slightlyMuted"
    height="32px"
    width="100%"
  >
    <div
      class="c2"
      style="flex: 1; flex-basis: 0px; flex-grow: 0;"
    >
      <button
        class="c3"
      >
        <div
          class="c4"
          title="tuguwog"
        >
          tuguwog
        </div>
      </button>
      <button
        class="c5"
        title="Close"
      >
        <span
          class="c6 c7"
        >
          <svg
            fill="currentColor"
            height="16"
            viewBox="0 0 24 24"
            width="16"
          >
            <path
              d="M19.2803 5.78033C19.5732 5.48744 19.5732 5.01256 19.2803 4.71967C18.9874 4.42678 18.5126 4.42678 18.2197 4.71967L12 10.9393L5.78033 4.71967C5.48744 4.42678 5.01256 4.42678 4.71967 4.71967C4.42678 5.01256 4.42678 5.48744 4.71967 5.78033L10.9393 12L4.71967 18.2197C4.42678 18.5126 4.42678 18.9874 4.71967 19.2803C5.01256 19.5732 5.48744 19.5732 5.78033 19.2803L12 13.0607L18.2197 19.2803C18.5126 19.5732 18.9874 19.5732 19.2803 19.2803C19.5732 18.9874 19.5732 18.5126 19.2803 18.2197L13.0607 12L19.2803 5.78033Z"
            />
          </svg>
        </span>
      </button>
    </div>
    <div
      class="c8"
      style="flex: 1; flex-basis: 0px; flex-grow: 0;"
    >
      <button
        class="c3"
      >
        <div
          class="c4"
          title="emwonepu"
        >
          emwonepu
        </div>
      </button>
      <button
        class="c5"
        title="Close"
      >
        <span
          class="c6 c7"
        >
          <svg
            fill="currentColor"
            height="16"
            viewBox="0 0 24 24"
            width="16"
          >
            <path
              d="M19.2803 5.78033C19.5732 5.48744 19.5732 5.01256 19.2803 4.71967C18.9874 4.42678 18.5126 4.42678 18.2197 4.71967L12 10.9393L5.78033 4.71967C5.48744 4.42678 5.01256 4.42678 4.71967 4.71967C4.42678 5.01256 4.42678 5.48744 4.71967 5.78033L10.9393 12L4.71967 18.2197C4.42678 18.5126 4.42678 18.9874 4.71967 19.2803C5.01256 19.5732 5.48744 19.5732 5.78033 19.2803L12 13.0607L18.2197 19.2803C18.5126 19.5732 18.9874 19.5732 19.2803 19.2803C19.5732 18.9874 19.5732 18.5126 19.2803 18.2197L13.0607 12L19.2803 5.78033Z"
            />
          </svg>
        </span>
      </button>
    </div>
    <div
      class="c8"
      style="flex: 1; flex-basis: 0px; flex-grow: 0;"
    >
      <button
        class="c3"
      >
        <div
          class="c4"
          title="foguzaziw"
        >
          foguzaziw
        </div>
      </button>
      <button
        class="c5"
        title="Close"
      >
        <span
          class="c6 c7"
        >
          <svg
            fill="currentColor"
            height="16"
            viewBox="0 0 24 24"
            width="16"
          >
            <path
              d="M19.2803 5.78033C19.5732 5.48744 19.5732 5.01256 19.2803 4.71967C18.9874 4.42678 18.5126 4.42678 18.2197 4.71967L12 10.9393L5.78033 4.71967C5.48744 4.42678 5.01256 4.42678 4.71967 4.71967C4.42678 5.01256 4.42678 5.48744 4.71967 5.78033L10.9393 12L4.71967 18.2197C4.42678 18.5126 4.42678 18.9874 4.71967 19.2803C5.01256 19.5732 5.48744 19.5732 5.78033 19.2803L12 13.0607L18.2197 19.2803C18.5126 19.5732 18.9874 19.5732 19.2803 19.2803C19.5732 18.9874 19.5732 18.5126 19.2803 18.2197L13.0607 12L19.2803 5.78033Z"
            />
          </svg>
        </span>
      </button>
    </div>
    <button
      class="c9"
      title="New Tab"
    >
      <span
        class="c6 icon icon-add"
      >
        <svg
          fill="currentColor"
          height="16"
          viewBox="0 0 24 24"
          width="16"
        >
          <path
            d="M12.75 3.75C12.75 3.33579 12.4142 3 12 3C11.5858 3 11.25 3.33579 11.25 3.75V11.25H3.75C3.33579 11.25 3 11.5858 3 12C3 12.4142 3.33579 12.75 3.75 12.75H11.25V20.25C11.25 20.6642 11.5858 21 12 21C12.4142 21 12.75 20.6642 12.75 20.25V12.75H20.25C20.6642 12.75 21 12.4142 21 12C21 11.5858 20.6642 11.25 20.25 11.25H12.75V3.75Z"
          />
        </svg>
      </span>
    </button>
  </nav>
</div>
`;
